


ARM Macro Assembler    Page 1 


    1 00000000                 AREA             codigo, CODE, READONLY
    2 00000000                 EXPORT           dense_layer_q12_ARM_C
    3 00000000                 IMPORT           neuron_q12_C
    4 00000000                 PRESERVE8        {TRUE}
    5 00000000         
    6 00000000         
    7 00000000         
    8 00000000         dense_layer_q12_ARM_C
    9 00000000 E92D4800        push             {lr,fp}
   10 00000004 E1A0B00D        mov              fp,sp
   11 00000008 E92D0FF0        push{r4-r11}
   12 0000000C E1A04003        mov              r4,r3
   13 00000010 E59B500C        ldr              r5,[fp,#12]
   14 00000014 E59B6010        ldr              r6,[fp,#16]
   15 00000018 E59B7014        ldr              r7,[fp,#20]
   16 0000001C E92D00C0        push{r7,r6}
   17 00000020 E1A06000        mov              r6,r0
   18 00000024 E1A07002        mov              r7,r2
   19 00000028 E59B2008        ldr              r2,[fp,#8]
   20 0000002C E3A08000        mov              r8,#0
   21 00000030 E3A09000        mov              r9,#0
   22 00000034 E1A0A001        mov              r10,r1
   23 00000038         
   24 00000038         ; r0=input, r1=weights_o, r2=input_size, r4=output, r5=o
                       utput_size, r6=input, r7=bias, r8=checksum, r9=o, r10=we
                       ights, sp+0=clamp_min, sp+4=clamp_max
   25 00000038         
   26 00000038         bucle
   27 00000038 E1590005        cmp              r9,r5
   28 0000003C AA00000F        bge              fin_bucle
   29 00000040 E59B2008        ldr              r2,[fp,#8]
   30 00000044 E1A00006        mov              r0,r6
   31 00000048 E1A09089        lsl              r9,#1
   32 0000004C E0010299        mul              r1,r9,r2
   33 00000050 E081100A        add              r1,r1,r10
   34 00000054 E19730F9        ldrsh            r3,[r7,r9]
   35 00000058 EBFFFFFE        bl               neuron_q12_C
   36 0000005C E18400B9        strh             r0,[r4,r9]
   37 00000060 E3A01021        mov              r1,#33
   38 00000064 E0080891        mul              r8,r1,r8
   39 00000068 E1A00800        lsl              r0,r0,#16
   40 0000006C E1A00820        lsr              r0,r0,#16
   41 00000070 E0888000        add              r8,r8,r0
   42 00000074 E2899002        add              r9,r9,#2
   43 00000078 E1A090A9        lsr              r9,#1
   44 0000007C EAFFFFED        b                bucle
   45 00000080         
   46 00000080         fin_bucle
   47 00000080 E28DD008        add              sp,sp,#8    ;desapilo clamp_min
                                                             y clamp_max de las
                                                             llamadas a neuron_
                                                            q12_C
   48 00000084 E1A00008        mov              r0,r8
   49 00000088 E8BD0FF0        pop{r4-r11}
   50 0000008C E8BD8800        pop{fp,pc}
   51 00000090         
   52 00000090                 end
Command Line: --debug --xref --diag_suppress=9931 --apcs=interwork --depend=.\o
bjects\funciones_arm.d -o.\objects\funciones_arm.o -IC:\Programas-Practicas\Sim



ARM Macro Assembler    Page 2 


uladores\Keil\ARM\RV31\INC -IC:\Programas-Practicas\Simuladores\Keil\ARM\CMSIS\
Include -IC:\Programas-Practicas\Simuladores\Keil\ARM\INC\Philips --predefine="
__EVAL SETA 1" --predefine="__UVISION_VERSION SETA 526" --list=.\listings\funci
ones_arm.lst funciones_arm.s



ARM Macro Assembler    Page 1 Alphabetic symbol ordering
Relocatable symbols

bucle 00000038

Symbol: bucle
   Definitions
      At line 26 in file funciones_arm.s
   Uses
      At line 44 in file funciones_arm.s
Comment: bucle used once
codigo 00000000

Symbol: codigo
   Definitions
      At line 1 in file funciones_arm.s
   Uses
      None
Comment: codigo unused
dense_layer_q12_ARM_C 00000000

Symbol: dense_layer_q12_ARM_C
   Definitions
      At line 8 in file funciones_arm.s
   Uses
      At line 2 in file funciones_arm.s
Comment: dense_layer_q12_ARM_C used once
fin_bucle 00000080

Symbol: fin_bucle
   Definitions
      At line 46 in file funciones_arm.s
   Uses
      At line 28 in file funciones_arm.s
Comment: fin_bucle used once
4 symbols



ARM Macro Assembler    Page 1 Alphabetic symbol ordering
External symbols

neuron_q12_C 00000000

Symbol: neuron_q12_C
   Definitions
      At line 3 in file funciones_arm.s
   Uses
      At line 35 in file funciones_arm.s
Comment: neuron_q12_C used once
1 symbol
337 symbols in table
